[0.009s] Invoking command in '/home/rlagent/jay_ws/build/jaybot': AMENT_PREFIX_PATH=/home/rlagent/jay_ws/install/rl_custom_messages:${AMENT_PREFIX_PATH} CMAKE_PREFIX_PATH=/home/rlagent/jay_ws/install/rl_custom_messages LD_LIBRARY_PATH=/home/rlagent/jay_ws/install/rl_custom_messages/lib:${LD_LIBRARY_PATH} PYTHONPATH=/home/rlagent/jay_ws/install/rl_custom_messages/local/lib/python3.10/dist-packages:${PYTHONPATH} /usr/bin/cmake --build /home/rlagent/jay_ws/build/jaybot -- -j2 -l2
[0.032s] -- Found ament_cmake: 1.3.4 (/opt/ros/humble/share/ament_cmake/cmake)
[0.167s] -- Found rclcpp: 16.0.4 (/opt/ros/humble/share/rclcpp/cmake)
[0.190s] -- Found rosidl_generator_c: 3.1.4 (/opt/ros/humble/share/rosidl_generator_c/cmake)
[0.192s] -- Found rosidl_adapter: 3.1.4 (/opt/ros/humble/share/rosidl_adapter/cmake)
[0.196s] -- Found rosidl_generator_cpp: 3.1.4 (/opt/ros/humble/share/rosidl_generator_cpp/cmake)
[0.205s] -- Using all available rosidl_typesupport_c: rosidl_typesupport_fastrtps_c;rosidl_typesupport_introspection_c
[0.218s] -- Using all available rosidl_typesupport_cpp: rosidl_typesupport_fastrtps_cpp;rosidl_typesupport_introspection_cpp
[0.270s] -- Found rmw_implementation_cmake: 6.1.1 (/opt/ros/humble/share/rmw_implementation_cmake/cmake)
[0.271s] -- Found rmw_fastrtps_cpp: 6.2.2 (/opt/ros/humble/share/rmw_fastrtps_cpp/cmake)
[0.366s] -- Using RMW implementation 'rmw_fastrtps_cpp' as default
[0.523s] -- Found rl_custom_messages: 0.0.0 (/home/rlagent/jay_ws/install/rl_custom_messages/share/rl_custom_messages/cmake)
[0.594s] Error parsing '/home/rlagent/jay_ws/jaybot/package.xml':
[0.654s] Traceback (most recent call last):
[0.654s]   File "/usr/lib/python3/dist-packages/catkin_pkg/package.py", line 610, in parse_package_string
[0.656s]     root = dom.parseString(data)
[0.656s]   File "/usr/lib/python3.10/xml/dom/minidom.py", line 1998, in parseString
[0.657s]     return expatbuilder.parseString(string)
[0.658s]   File "/usr/lib/python3.10/xml/dom/expatbuilder.py", line 925, in parseString
[0.659s]     return builder.parseString(string)
[0.659s]   File "/usr/lib/python3.10/xml/dom/expatbuilder.py", line 223, in parseString
[0.659s]     parser.Parse(string, True)
[0.659s] xml.parsers.expat.ExpatError: mismatched tag: line 18, column 30
[0.660s] 
[0.660s] During handling of the above exception, another exception occurred:
[0.660s] 
[0.660s] Traceback (most recent call last):
[0.660s]   File "/opt/ros/humble/share/ament_cmake_core/cmake/core/package_xml_2_cmake.py", line 150, in <module>
[0.661s]     main()
[0.661s]   File "/opt/ros/humble/share/ament_cmake_core/cmake/core/package_xml_2_cmake.py", line 53, in main
[0.662s]     raise e
[0.662s]   File "/opt/ros/humble/share/ament_cmake_core/cmake/core/package_xml_2_cmake.py", line 49, in main
[0.662s]     package = parse_package_string(
[0.662s]   File "/usr/lib/python3/dist-packages/catkin_pkg/package.py", line 612, in parse_package_string
[0.662s]     raise InvalidPackage('The manifest contains invalid XML:\n%s' % ex, filename)
[0.662s] catkin_pkg.package.InvalidPackage: Error(s) in package '/home/rlagent/jay_ws/jaybot/package.xml':
[0.662s] The manifest contains invalid XML:
[0.662s] mismatched tag: line 18, column 30
[0.680s] -- Configuring incomplete, errors occurred!
[0.680s] See also "/home/rlagent/jay_ws/build/jaybot/CMakeFiles/CMakeOutput.log".
[0.681s] [31mCMake Error at /opt/ros/humble/share/ament_cmake_core/cmake/core/ament_package_xml.cmake:95 (message):
[0.681s]   execute_process(/usr/bin/python3.10
[0.681s]   /opt/ros/humble/share/ament_cmake_core/cmake/core/package_xml_2_cmake.py
[0.681s]   /home/rlagent/jay_ws/jaybot/package.xml
[0.681s]   /home/rlagent/jay_ws/build/jaybot/ament_cmake_core/package.cmake) returned
[0.681s]   error code 1
[0.681s] Call Stack (most recent call first):
[0.682s]   /opt/ros/humble/share/ament_cmake_core/cmake/core/ament_package_xml.cmake:49 (_ament_package_xml)
[0.682s]   /opt/ros/humble/share/ament_cmake_core/cmake/core/ament_package.cmake:63 (ament_package_xml)
[0.682s]   CMakeLists.txt:31 (ament_package)
[0.682s] 
[0.682s] [0m
[0.688s] gmake: *** [Makefile:829: cmake_check_build_system] Error 1
[0.690s] Invoked command in '/home/rlagent/jay_ws/build/jaybot' returned '2': AMENT_PREFIX_PATH=/home/rlagent/jay_ws/install/rl_custom_messages:${AMENT_PREFIX_PATH} CMAKE_PREFIX_PATH=/home/rlagent/jay_ws/install/rl_custom_messages LD_LIBRARY_PATH=/home/rlagent/jay_ws/install/rl_custom_messages/lib:${LD_LIBRARY_PATH} PYTHONPATH=/home/rlagent/jay_ws/install/rl_custom_messages/local/lib/python3.10/dist-packages:${PYTHONPATH} /usr/bin/cmake --build /home/rlagent/jay_ws/build/jaybot -- -j2 -l2
